Namespace(plco_data_path='./plco/lung_prsn.csv', learning_rate=0.0001, regularization_lambda=0.0, batch_size=256, num_epochs=10, results_path='results.json')
Loading data from ./plco/lung_prsn.csv
Data split: 100000 train, 25000 val, 29887 test samples
Initializing vectorizer and extracting features
Training model
Starting epoch 1
  0%|          | 0/391 [00:00<?, ?it/s]100%|██████████| 391/391 [00:00<00:00, 14898.01it/s]
Starting epoch 2
  0%|          | 0/391 [00:00<?, ?it/s]100%|██████████| 391/391 [00:00<00:00, 15193.37it/s]
Starting epoch 3
  0%|          | 0/391 [00:00<?, ?it/s]100%|██████████| 391/391 [00:00<00:00, 14910.20it/s]
Starting epoch 4
  0%|          | 0/391 [00:00<?, ?it/s]100%|██████████| 391/391 [00:00<00:00, 14612.48it/s]
Starting epoch 5
  0%|          | 0/391 [00:00<?, ?it/s]100%|██████████| 391/391 [00:00<00:00, 25589.39it/s]
Starting epoch 6
  0%|          | 0/391 [00:00<?, ?it/s]100%|██████████| 391/391 [00:00<00:00, 16137.02it/s]
Starting epoch 7
  0%|          | 0/391 [00:00<?, ?it/s]100%|██████████| 391/391 [00:00<00:00, 7227.07it/s]
Starting epoch 8
  0%|          | 0/391 [00:00<?, ?it/s]100%|██████████| 391/391 [00:00<00:00, 25036.99it/s]
Starting epoch 9
  0%|          | 0/391 [00:00<?, ?it/s]100%|██████████| 391/391 [00:00<00:00, 22054.21it/s]
Starting epoch 10
  0%|          | 0/391 [00:00<?, ?it/s]100%|██████████| 391/391 [00:00<00:00, 25310.57it/s]
Evaluating model
{'train_auc': np.float64(0.5969738129009935), 'val_auc': np.float64(0.6066673125222449)}
Saving results to results.json
Validation AUC: 0.6066673125222449
Done
