Namespace(plco_data_path='./plco/lung_prsn.csv', learning_rate=0.001, regularization_lambda=0.0, batch_size=256, num_epochs=10, results_path='results.json')
Loading data from ./plco/lung_prsn.csv
Data split: 100000 train, 25000 val, 29887 test samples
Initializing vectorizer and extracting features
Training model
Starting epoch 1
  0%|          | 0/391 [00:00<?, ?it/s]100%|██████████| 391/391 [00:00<00:00, 22634.05it/s]
Starting epoch 2
  0%|          | 0/391 [00:00<?, ?it/s]100%|██████████| 391/391 [00:00<00:00, 24097.05it/s]
Starting epoch 3
  0%|          | 0/391 [00:00<?, ?it/s]100%|██████████| 391/391 [00:00<00:00, 21341.31it/s]
Starting epoch 4
  0%|          | 0/391 [00:00<?, ?it/s]100%|██████████| 391/391 [00:00<00:00, 16304.02it/s]
Starting epoch 5
  0%|          | 0/391 [00:00<?, ?it/s]100%|██████████| 391/391 [00:00<00:00, 18085.08it/s]
Starting epoch 6
  0%|          | 0/391 [00:00<?, ?it/s]100%|██████████| 391/391 [00:00<00:00, 18346.47it/s]
Starting epoch 7
  0%|          | 0/391 [00:00<?, ?it/s]100%|██████████| 391/391 [00:00<00:00, 19304.02it/s]
Starting epoch 8
  0%|          | 0/391 [00:00<?, ?it/s]100%|██████████| 391/391 [00:00<00:00, 18139.69it/s]
Starting epoch 9
  0%|          | 0/391 [00:00<?, ?it/s]100%|██████████| 391/391 [00:00<00:00, 19941.06it/s]
Starting epoch 10
  0%|          | 0/391 [00:00<?, ?it/s]100%|██████████| 391/391 [00:00<00:00, 20322.10it/s]
Evaluating model
{'train_auc': np.float64(0.5969738129009935), 'val_auc': np.float64(0.6066673125222449)}
Saving results to results.json
Validation AUC: 0.6066673125222449
Done
